// Jest Snapshot v1, https://goo.gl/fbAQLP

exports[`Pruebas en <GifItem /> debe de hacer match con el snapshot 1`] = `
<div>
  <div
    class="card"
  >
    <img
      alt="Gif Title"
      src="https://generic-gif-url.com/cool_image.jpg"
    />
    <p>
      Gif Title
    </p>
  </div>
</div>
`;
